here() starts at C:/Projects/phts

Attaching package: 'dplyr'

The following objects are masked from 'package:stats':

    filter, lag

The following objects are masked from 'package:base':

    intersect, setdiff, setequal, union


Attaching package: 'recipes'

The following object is masked from 'package:stats':

    step


Attaching package: 'janitor'

The following objects are masked from 'package:stats':

    chisq.test, fisher.test

riskRegression version 2025.05.20
Sourcing required functions...
Using alternative path: graft-loss/R/
=== Replicating 20-Feature Selection ===
Output directory: C:/Projects/phts/replicate_20_features_output 

Loading base data...
Error in value[[3L]](cond) : 
  Cannot load data: In argument: `across(...)`.
Calls: tryCatch -> tryCatchList -> tryCatchOne -> <Anonymous>
Execution halted
