2026-01-13 00:18:22,043 - run_full_ffa_analysis - INFO - Logging initialized. Log file: C:\Projects\phts\graft-loss\cohort_analysis\calculator\8_ffa_analysis\logs\ffa_analysis_20260113_001822.log
2026-01-13 00:18:22,892 - __main__ - INFO - 
================================================================================
2026-01-13 00:18:22,892 - __main__ - INFO - Training models for cohort: Combined
2026-01-13 00:18:22,892 - __main__ - INFO - ================================================================================

2026-01-13 00:18:22,892 - __main__ - INFO - Loading calculator data...
2026-01-13 00:18:22,892 - run_shap_ffa_workflow - INFO - Loading calculator data from C:\Projects\phts\graft-loss\data\phts_txpl_ml.sas7bdat
2026-01-13 00:18:23,098 - run_shap_ffa_workflow - INFO - Loaded 5835 rows for cohort Combined
2026-01-13 00:18:23,098 - run_shap_ffa_workflow - INFO - Preparing calculator features (eGFR, BMI, dichotomous variables, etc.)...
2026-01-13 00:18:23,135 - run_shap_ffa_workflow - INFO - Calculated egfr_tx using Schwartz formula
2026-01-13 00:18:23,137 - run_shap_ffa_workflow - INFO - Calculated egfr_listing using Schwartz formula
2026-01-13 00:18:23,140 - run_shap_ffa_workflow - INFO - Calculated bmi_txpl
2026-01-13 00:18:23,140 - run_shap_ffa_workflow - INFO - Calculated age_txpl_months from age_txpl
2026-01-13 00:18:23,143 - run_shap_ffa_workflow - INFO - Created egfr_tx_cat categories
2026-01-13 00:18:23,145 - run_shap_ffa_workflow - INFO - Created egfr_listing_cat categories
2026-01-13 00:18:23,146 - run_shap_ffa_workflow - INFO - Created txbili_t_r_high
2026-01-13 00:18:23,146 - run_shap_ffa_workflow - INFO - Created txbun_r_high from txbun_r
2026-01-13 00:18:23,146 - run_shap_ffa_workflow - INFO - Created txsa_r_low
2026-01-13 00:18:23,147 - run_shap_ffa_workflow - INFO - Created txalt_high
2026-01-13 00:18:23,147 - run_shap_ffa_workflow - INFO - Created ecmo_combined
2026-01-13 00:18:23,148 - run_shap_ffa_workflow - INFO - Created hxfonlvr_bin
2026-01-13 00:18:23,148 - run_shap_ffa_workflow - INFO - Created hxdysdia_bin
2026-01-13 00:18:23,149 - run_shap_ffa_workflow - INFO - Calculated egfr_change
2026-01-13 00:18:23,149 - run_shap_ffa_workflow - INFO - Feature preparation complete
2026-01-13 00:18:23,149 - __main__ - INFO - Loaded 5835 rows
2026-01-13 00:18:23,181 - run_shap_ffa_workflow - INFO - Calculated egfr_tx using Schwartz formula
2026-01-13 00:18:23,182 - run_shap_ffa_workflow - INFO - Calculated egfr_listing using Schwartz formula
2026-01-13 00:18:23,185 - run_shap_ffa_workflow - INFO - Calculated bmi_txpl
2026-01-13 00:18:23,187 - run_shap_ffa_workflow - INFO - Created egfr_tx_cat categories
2026-01-13 00:18:23,189 - run_shap_ffa_workflow - INFO - Created egfr_listing_cat categories
2026-01-13 00:18:23,189 - run_shap_ffa_workflow - INFO - Created txbili_t_r_high
2026-01-13 00:18:23,190 - run_shap_ffa_workflow - INFO - Created txbun_r_high from txbun_r
2026-01-13 00:18:23,190 - run_shap_ffa_workflow - INFO - Created txsa_r_low
2026-01-13 00:18:23,190 - run_shap_ffa_workflow - INFO - Created txalt_high
2026-01-13 00:18:23,191 - run_shap_ffa_workflow - INFO - Created ecmo_combined
2026-01-13 00:18:23,191 - run_shap_ffa_workflow - INFO - Created hxfonlvr_bin
2026-01-13 00:18:23,191 - run_shap_ffa_workflow - INFO - Created hxdysdia_bin
2026-01-13 00:18:23,191 - run_shap_ffa_workflow - INFO - Calculated egfr_change
2026-01-13 00:18:23,195 - __main__ - INFO - Derived ev_time from int_dead and int_graft_loss
2026-01-13 00:18:23,196 - __main__ - INFO - Derived ev_type from dtx_patient and graft_loss
2026-01-13 00:18:23,197 - __main__ - INFO - Fixed 1 non-positive ev_time values
2026-01-13 00:18:23,241 - __main__ - INFO - Valid survival data: 5835 rows
2026-01-13 00:18:23,242 - __main__ - INFO - [LeakFilter] Dropping 114 columns; keeping 380 predictors
2026-01-13 00:18:23,243 - __main__ - INFO - [LeakFilter] Dropped: age_death, lsvcma, hisp, sex, rrace_b, rrace_ai, rrace_a, rrace_pi, rrace_o, isc_oth, rrace_un, race, cpbypass, rec_inoph, rec_o2, rec_epi, rec_iso, rec_mil, rec_nsyn, rec_nes ... and 94 more
2026-01-13 00:18:23,341 - __main__ - INFO - Removing 13 constant columns
2026-01-13 00:18:23,412 - __main__ - INFO - Final feature matrix: (5835, 365)
2026-01-13 00:18:23,413 - __main__ - INFO - Temporal split: Train (\u22642021): 4894 samples, Test (>2021): 941 samples
2026-01-13 00:18:23,483 - __main__ - INFO - 
================================================================================
2026-01-13 00:18:23,483 - __main__ - INFO - Training CatBoost
2026-01-13 00:18:23,483 - __main__ - INFO - ================================================================================
2026-01-13 00:18:23,483 - __main__ - INFO - Training CatBoost survival model for Combined...
2026-01-13 00:18:23,483 - __main__ - INFO -   Training data: (4894, 365), Test data: (941, 365)
2026-01-13 00:18:41,326 - __main__ - INFO -   CatBoost C-index: 0.590008
2026-01-13 00:18:41,331 - __main__ - INFO -   Saved CatBoost model to C:\Projects\phts\graft-loss\cohort_analysis\calculator\outputs\models\Combined\catboost_model.cbm
2026-01-13 00:18:41,331 - __main__ - INFO - 
================================================================================
2026-01-13 00:18:41,331 - __main__ - INFO - Training XGBoost (Gradient Boosting)
2026-01-13 00:18:41,331 - __main__ - INFO - ================================================================================
2026-01-13 00:18:41,331 - __main__ - INFO - Training XGBoost survival model for Combined...
2026-01-13 00:18:41,331 - __main__ - INFO -   Training data: (4894, 365), Test data: (941, 365)
[0]	train-cox-nloglik:8.04719	eval-cox-nloglik:6.47716
[100]	train-cox-nloglik:7.34102	eval-cox-nloglik:6.29261
[111]	train-cox-nloglik:7.29064	eval-cox-nloglik:6.30315
2026-01-13 00:18:43,816 - __main__ - INFO -   XGBoost C-index: 0.681240
2026-01-13 00:18:43,818 - __main__ - INFO -   Saved XGBoost binary to C:\Projects\phts\graft-loss\cohort_analysis\calculator\outputs\models\Combined\xgboost_model.ubj
2026-01-13 00:18:43,841 - __main__ - INFO -   Saved XGBoost JSON to C:\Projects\phts\graft-loss\cohort_analysis\calculator\outputs\models\Combined\final_model_json\Combined_final_model_xgboost.json (with 365 feature names)
2026-01-13 00:18:43,842 - __main__ - INFO - 
================================================================================
2026-01-13 00:18:43,842 - __main__ - INFO - Training XGBoost Random Forest
2026-01-13 00:18:43,842 - __main__ - INFO - ================================================================================
2026-01-13 00:18:43,843 - __main__ - INFO - Training XGBoost Random Forest survival model for Combined...
2026-01-13 00:18:43,843 - __main__ - INFO -   Training data: (4894, 365), Test data: (941, 365)
2026-01-13 00:18:45,257 - __main__ - INFO -   XGBoost RF C-index: 0.651025
2026-01-13 00:18:45,267 - __main__ - INFO -   Saved XGBoost RF binary to C:\Projects\phts\graft-loss\cohort_analysis\calculator\outputs\models\Combined\xgboost_rf_model.ubj
2026-01-13 00:18:45,517 - __main__ - INFO -   Saved XGBoost RF JSON to C:\Projects\phts\graft-loss\cohort_analysis\calculator\outputs\models\Combined\final_model_json\Combined_final_model_xgboost_rf.json (with 365 feature names)
2026-01-13 00:18:45,519 - __main__ - INFO - 
================================================================================
2026-01-13 00:18:45,519 - __main__ - INFO - Training Complete
2026-01-13 00:18:45,520 - __main__ - INFO - ================================================================================
2026-01-13 00:18:45,520 - __main__ - INFO - CatBoost C-index: 0.590008
2026-01-13 00:18:45,520 - __main__ - INFO - XGBoost C-index: 0.681240
2026-01-13 00:18:45,520 - __main__ - INFO - XGBoost RF C-index: 0.651025
2026-01-13 00:18:45,520 - __main__ - INFO - 
================================================================================
2026-01-13 00:18:45,520 - __main__ - INFO - Model Comparison
2026-01-13 00:18:45,520 - __main__ - INFO - ================================================================================
2026-01-13 00:18:45,520 - __main__ - INFO - Best Model: XGBoost (C-index: 0.681240)
2026-01-13 00:18:45,520 - __main__ - INFO - 
All models saved to: C:\Projects\phts\graft-loss\cohort_analysis\calculator\outputs\models\Combined
2026-01-13 00:18:45,520 - __main__ - INFO -   (All models saved for SHAP/FFA analysis, matching R calculator approach)
2026-01-13 00:18:45,521 - __main__ - INFO -   Best model info saved to: C:\Projects\phts\graft-loss\cohort_analysis\calculator\outputs\models\Combined\best_model.txt
